#! /c/Source/iverilog-install/bin/vvp
:ivl_version "12.0 (devel)" "(s20150603-1539-g2693dd32b)";
:ivl_delay_selection "TYPICAL";
:vpi_time_precision + 0;
:vpi_module "C:\iverilog\lib\ivl\system.vpi";
:vpi_module "C:\iverilog\lib\ivl\vhdl_sys.vpi";
:vpi_module "C:\iverilog\lib\ivl\vhdl_textio.vpi";
:vpi_module "C:\iverilog\lib\ivl\v2005_math.vpi";
:vpi_module "C:\iverilog\lib\ivl\va_math.vpi";
S_0000023717522db0 .scope module, "ram" "ram" 2 1;
 .timescale 0 0;
    .port_info 0 /INPUT 1 "clk";
    .port_info 1 /INPUT 3 "address";
    .port_info 2 /INPUT 1 "rw";
    .port_info 3 /INPUT 8 "data_in";
    .port_info 4 /OUTPUT 8 "data_out";
    .port_info 5 /INPUT 1 "enable";
o0000023717556fd8 .functor BUFZ 3, C4<zzz>; HiZ drive
v0000023717522fb0_0 .net "address", 2 0, o0000023717556fd8;  0 drivers
o0000023717557008 .functor BUFZ 1, C4<z>; HiZ drive
v0000023717523050_0 .net "clk", 0 0, o0000023717557008;  0 drivers
o0000023717557038 .functor BUFZ 8, C4<zzzzzzzz>; HiZ drive
v000002371766ba90_0 .net "data_in", 7 0, o0000023717557038;  0 drivers
v000002371766bb30_0 .var "data_out", 7 0;
o0000023717557098 .functor BUFZ 1, C4<z>; HiZ drive
v000002371766bbd0_0 .net "enable", 0 0, o0000023717557098;  0 drivers
v000002371766bc70 .array "mem", 0 7, 7 0;
o00000237175570c8 .functor BUFZ 1, C4<z>; HiZ drive
v000002371759bc40_0 .net "rw", 0 0, o00000237175570c8;  0 drivers
E_0000023717556060 .event posedge, v0000023717523050_0;
    .scope S_0000023717522db0;
T_0 ;
    %wait E_0000023717556060;
    %load/vec4 v000002371766bbd0_0;
    %flag_set/vec4 8;
    %jmp/0xz  T_0.0, 8;
    %load/vec4 v000002371759bc40_0;
    %nor/r;
    %flag_set/vec4 8;
    %jmp/0xz  T_0.2, 8;
    %load/vec4 v0000023717522fb0_0;
    %pad/u 5;
    %ix/vec4 4;
    %load/vec4a v000002371766bc70, 4;
    %assign/vec4 v000002371766bb30_0, 0;
    %jmp T_0.3;
T_0.2 ;
    %load/vec4 v000002371766ba90_0;
    %load/vec4 v0000023717522fb0_0;
    %pad/u 5;
    %ix/vec4 3;
    %ix/load 4, 0, 0; Constant delay
    %assign/vec4/a/d v000002371766bc70, 0, 4;
    %pushi/vec4 255, 255, 8;
    %assign/vec4 v000002371766bb30_0, 0;
T_0.3 ;
    %jmp T_0.1;
T_0.0 ;
    %pushi/vec4 255, 255, 8;
    %assign/vec4 v000002371766bb30_0, 0;
T_0.1 ;
    %jmp T_0;
    .thread T_0;
# The file index is used to find the file name in the following table.
:file_names 3;
    "N/A";
    "<interactive>";
    "single_port_ram.v";
